---
source: crates/ailint-core/tests/reporter_json.rs
expression: "String::from_utf8(buf).unwrap()"
---
{
  "schema_version": "2",
  "tool": {
    "name": "ailint",
    "version": "1.0.2"
  },
  "generated_at": "2023-11-14T22:13:20Z",
  "summary": {
    "total": 3,
    "errors": 1,
    "warnings": 1,
    "info": 1,
    "file_count": 2
  },
  "files": [
    {
      "path": "crates/ailint-core/tests/fixtures/AGENTS.md",
      "violation_count": 2
    },
    {
      "path": "crates/ailint-core/tests/fixtures/CLAUDE.md",
      "violation_count": 1
    }
  ],
  "violations": [
    {
      "rule": {
        "code": "AIL200",
        "slug": "no-prompt-injection-marker",
        "description": "Guidance file contains a phrase commonly used to override system prompts.",
        "fix_hint": "Remove the marker; injected content could exploit it."
      },
      "severity": "error",
      "message": "possible prompt-injection marker: '<system>'",
      "detail": null,
      "file": "crates/ailint-core/tests/fixtures/AGENTS.md",
      "line": 6,
      "column": 1,
      "fix_hint": null,
      "snippet": null,
      "source_url": null
    },
    {
      "rule": {
        "code": "AIL100",
        "slug": "no-vague-instruction",
        "description": "List item contains vague, unactionable phrasing.",
        "fix_hint": "Replace with a concrete verb and target the agent can act on."
      },
      "severity": "warning",
      "message": "vague instruction: 'be helpful'",
      "detail": null,
      "file": "crates/ailint-core/tests/fixtures/AGENTS.md",
      "line": 12,
      "column": 3,
      "fix_hint": null,
      "snippet": null,
      "source_url": null
    },
    {
      "rule": {
        "code": "AIL002",
        "slug": "instructions-file-empty",
        "description": "Guidance file is empty or whitespace-only.",
        "fix_hint": "Add content, or delete the file."
      },
      "severity": "info",
      "message": "file has no non-whitespace content",
      "detail": null,
      "file": "crates/ailint-core/tests/fixtures/CLAUDE.md",
      "line": null,
      "column": null,
      "fix_hint": null,
      "snippet": null,
      "source_url": null
    }
  ]
}
